C51 COMPILER V9.60.7.0   MAIN                                                              11/16/2025 02:00:59 PAGE 1   


C51 COMPILER V9.60.7.0, COMPILATION OF MODULE MAIN
OBJECT MODULE PLACED IN .\Objects\main.obj
COMPILER INVOKED BY: D:\C51\BIN\C51.EXE main.c OPTIMIZE(8,SPEED) BROWSE DEBUG OBJECTEXTEND PRINT(.\Listings\main.lst) OB
                    -JECT(.\Objects\main.obj)

line level    source

   1          /* 3.2 控制 LED 状态 = C:\\code_fleetinglore\c51\3\2 */
   2          
   3          #include <REGX52.H>
   4          
   5          /// 无符号整数类型的别名
   6          #define uint unsigned int
   7          
   8          /// 延时参数
   9          const uint AWAIT = 20;
  10          
  11          /**
  12           * 毫秒级延时函数
  13           * 
  14           * 只是用循环来简单模拟，缺陷是对于不同的设备表现不一致 
  15          */
  16          void delay_ms(uint t) {
  17   1          uint j;
  18   1          while(t--) {
  19   2              j = 85;
  20   2              while (j--);
  21   2          }
  22   1      }
  23          
  24          void main() {
  25   1          while (1) {
  26   2              /// 当按下 `K_1` 时
  27   2              if (P3_1 == 0) {
  28   3                  /* 消抖 */ {
  29   4                      // 抖动
  30   4                      delay_ms(AWAIT);
  31   4                      
  32   4                      // 按住时
  33   4                      while (P3_1 == 0);
  34   4                      
  35   4                      // 松手后
  36   4                      delay_ms(AWAIT);
  37   4                  }
  38   3                  
  39   3                  /// D_1 灯状态转换
  40   3                  P2_0 = ~P2_0;
  41   3              }
  42   2          }
  43   1      }


MODULE INFORMATION:   STATIC OVERLAYABLE
   CODE SIZE        =     51    ----
   CONSTANT SIZE    =   ----    ----
   XDATA SIZE       =   ----    ----
   PDATA SIZE       =   ----    ----
   DATA SIZE        =      2    ----
   IDATA SIZE       =   ----    ----
   BIT SIZE         =   ----    ----
END OF MODULE INFORMATION.

C51 COMPILER V9.60.7.0   MAIN                                                              11/16/2025 02:00:59 PAGE 2   


C51 COMPILATION COMPLETE.  0 WARNING(S),  0 ERROR(S)
