C51 COMPILER V9.60.7.0   DELAY_MS                                                          11/29/2025 10:23:45 PAGE 1   


C51 COMPILER V9.60.7.0, COMPILATION OF MODULE DELAY_MS
OBJECT MODULE PLACED IN .\Objects\delay_ms.obj
COMPILER INVOKED BY: D:\C51\BIN\C51.EXE lib\delay\delay_ms.c OPTIMIZE(8,SPEED) BROWSE DEBUG OBJECTEXTEND PRINT(.\Listing
                    -s\delay_ms.lst) OBJECT(.\Objects\delay_ms.obj)

line level    source

   1          /**
   2           * @file lib/delay/delay_ms.c
   3           * @author FleetingLore macro__9@outook.com
   4           * @brief 阻塞延时
   5           */
   6          #include "prelude.h"
   7          
   8          /**
   9           * @param t 延时毫秒数
  10          */
  11          void delay_ms(unsigned int t)
  12          {
  13   1          unsigned int i, j;
  14   1          
  15   1          for(i = 0; i < t; i++) for(j = 0; j < 120; j++); /* 根据实际情况调整 */
  16   1      }


MODULE INFORMATION:   STATIC OVERLAYABLE
   CODE SIZE        =     32    ----
   CONSTANT SIZE    =   ----    ----
   XDATA SIZE       =   ----    ----
   PDATA SIZE       =   ----    ----
   DATA SIZE        =   ----    ----
   IDATA SIZE       =   ----    ----
   BIT SIZE         =   ----    ----
END OF MODULE INFORMATION.


C51 COMPILATION COMPLETE.  0 WARNING(S),  0 ERROR(S)
